// Jest Snapshot v1, https://goo.gl/fbAQLP

exports[`Stats should render empty stats comp correctly 1`] = `
<div
  className="MuiPaper-root Component-paper-20 MuiPaper-elevation1 MuiPaper-rounded"
>
  <svg
    aria-hidden={true}
    className="MuiSvgIcon-root MuiSvgIcon-colorPrimary MuiSvgIcon-fontSizeLarge"
    focusable="false"
    viewBox="0 0 24 24"
  >
    <path
      d="M12 22c1.1 0 2-.9 2-2h-4c0 1.1.89 2 2 2zm6-6v-5c0-3.07-1.64-5.64-4.5-6.32V4c0-.83-.67-1.5-1.5-1.5s-1.5.67-1.5 1.5v.68C7.63 5.36 6 7.92 6 11v5l-2 2v1h16v-1l-2-2z"
    />
  </svg>
  <h4
    className="MuiTypography-root MuiTypography-h4 MuiTypography-gutterBottom"
  >
    No statistics
  </h4>
  <p
    className="MuiTypography-root MuiTypography-body1 MuiTypography-gutterBottom"
  >
    Looks like you have no predictions yet
  </p>
  <div
    className="Component-links-19"
  >
    <a
      className="MuiTypography-root MuiLink-root MuiLink-underlineHover MuiTypography-colorSecondary"
      href="/"
      onBlur={[Function]}
      onClick={[Function]}
      onFocus={[Function]}
    >
      Go to main page
    </a>
    <a
      className="MuiTypography-root MuiLink-root MuiLink-underlineHover MuiTypography-colorSecondary"
      href="/predictions"
      onBlur={[Function]}
      onClick={[Function]}
      onFocus={[Function]}
    >
      Make predictions
    </a>
  </div>
</div>
`;

exports[`Stats should render stats with not loaded predictions correctly 1`] = `
<div
  className="MuiCircularProgress-root Component-root-18 MuiCircularProgress-colorPrimary MuiCircularProgress-indeterminate"
  role="progressbar"
  style={
    Object {
      "height": 40,
      "width": 40,
    }
  }
>
  <svg
    className="MuiCircularProgress-svg"
    viewBox="22 22 44 44"
  >
    <circle
      className="MuiCircularProgress-circle MuiCircularProgress-circleIndeterminate"
      cx={44}
      cy={44}
      fill="none"
      r={20.2}
      strokeWidth={3.6}
      style={Object {}}
    />
  </svg>
</div>
`;

exports[`Stats should render stats with predictions correctly 1`] = `
Array [
  <div
    className="MuiFormControl-root Component-root-1"
  >
    <label
      className="MuiFormLabel-root MuiInputLabel-root MuiInputLabel-formControl MuiInputLabel-animated MuiInputLabel-shrink MuiFormLabel-filled"
      data-shrink={true}
      id="stat-season"
    >
      Season
    </label>
    <div
      className="MuiInputBase-root MuiInput-root MuiInput-underline MuiInputBase-formControl MuiInput-formControl"
      onClick={[Function]}
    >
      <div
        aria-haspopup="listbox"
        aria-labelledby="stat-season"
        className="MuiSelect-root MuiSelect-select MuiSelect-selectMenu MuiInputBase-input MuiInput-input"
        id="stat-season"
        onBlur={[Function]}
        onFocus={[Function]}
        onKeyDown={[Function]}
        onMouseDown={[Function]}
        role="button"
        tabIndex={0}
      >
        All
      </div>
      <input
        aria-hidden={true}
        className="MuiSelect-nativeInput"
        onAnimationStart={[Function]}
        onChange={[Function]}
        required={false}
        tabIndex={-1}
        value="all"
      />
      <svg
        aria-hidden={true}
        className="MuiSvgIcon-root MuiSelect-icon"
        focusable="false"
        viewBox="0 0 24 24"
      >
        <path
          d="M7 10l5 5 5-5z"
        />
      </svg>
    </div>
  </div>,
  <div
    className="Component-wrapper-5"
  >
    <div
      className="MuiPaper-root Component-paper-3 MuiPaper-elevation1 MuiPaper-rounded"
    >
      <p
        className="MuiTypography-root Component-text-4 MuiTypography-body1 MuiTypography-gutterBottom"
      >
        Predictions success %
      </p>
      <div
        className="Component-number-2"
      >
        33.33
      </div>
    </div>
    <div
      className="MuiPaper-root Component-paper-3 MuiPaper-elevation1 MuiPaper-rounded"
    >
      <p
        className="MuiTypography-root Component-text-4 MuiTypography-body1 MuiTypography-gutterBottom"
      >
        Total predictions
      </p>
      <div
        className="Component-number-2"
      >
        4
      </div>
    </div>
    <div
      className="MuiPaper-root Component-paper-3 MuiPaper-elevation1 MuiPaper-rounded"
    >
      <p
        className="MuiTypography-root Component-text-4 MuiTypography-body1 MuiTypography-gutterBottom"
      >
        Predicted correctly
      </p>
      <div
        className="Component-number-2"
      >
        1
      </div>
    </div>
    <div
      className="MuiPaper-root Component-paper-3 MuiPaper-elevation1 MuiPaper-rounded"
    >
      <p
        className="MuiTypography-root Component-text-4 MuiTypography-body1 MuiTypography-gutterBottom"
      >
        Predictions pending
      </p>
      <div
        className="Component-number-2"
      >
        1
      </div>
    </div>
  </div>,
  <a
    aria-disabled={false}
    className="MuiButtonBase-root MuiListItem-root Component-matchItem-14 MuiListItem-gutters MuiListItem-divider MuiListItem-button"
    href="/match/sr:match:1"
    id="sr:match:1"
    onBlur={[Function]}
    onClick={[Function]}
    onDragLeave={[Function]}
    onFocus={[Function]}
    onKeyDown={[Function]}
    onKeyUp={[Function]}
    onMouseDown={[Function]}
    onMouseLeave={[Function]}
    onMouseUp={[Function]}
    onTouchEnd={[Function]}
    onTouchMove={[Function]}
    onTouchStart={[Function]}
    role="button"
    tabIndex={0}
  >
    <div
      className="MuiListItemText-root Component-text-17 Component-home-11"
    >
      <div>
        Newcastle United
      </div>
      <div
        className="MuiListItemAvatar-root"
      >
        <div
          className="MuiAvatar-root MuiAvatar-circular Component-homeIcon-12 Component-logo-13"
        >
          <img
            className="MuiAvatar-img"
            src="https://upload.wikimedia.org/wikipedia/en/5/56/Newcastle_United_Logo.svg"
          />
        </div>
      </div>
    </div>
    <div
      className="Component-score-16 Component-red-15"
    >
      <div>
        2
      </div>
      <div
        className="Component-dash-7"
      >
        :
      </div>
      <div>
        2
      </div>
    </div>
    <div
      className="MuiListItemText-root Component-text-17 Component-guest-10"
    >
      <div
        className="MuiListItemAvatar-root"
      >
        <div
          className="MuiAvatar-root MuiAvatar-circular Component-awayIcon-6 Component-logo-13"
        >
          <img
            className="MuiAvatar-img"
            src="https://upload.wikimedia.org/wikipedia/en/b/b4/Tottenham_Hotspur.svg"
          />
        </div>
      </div>
      <div>
        Tottenham Hotspur
      </div>
    </div>
  </a>,
  <a
    aria-disabled={false}
    className="MuiButtonBase-root MuiListItem-root Component-matchItem-14 MuiListItem-gutters MuiListItem-divider MuiListItem-button"
    href="/match/sr:match:2"
    id="sr:match:2"
    onBlur={[Function]}
    onClick={[Function]}
    onDragLeave={[Function]}
    onFocus={[Function]}
    onKeyDown={[Function]}
    onKeyUp={[Function]}
    onMouseDown={[Function]}
    onMouseLeave={[Function]}
    onMouseUp={[Function]}
    onTouchEnd={[Function]}
    onTouchMove={[Function]}
    onTouchStart={[Function]}
    role="button"
    tabIndex={0}
  >
    <div
      className="MuiListItemText-root Component-text-17 Component-home-11"
    >
      <div>
        Liverpool FC
      </div>
      <div
        className="MuiListItemAvatar-root"
      >
        <div
          className="MuiAvatar-root MuiAvatar-circular Component-homeIcon-12 Component-logo-13"
        >
          <img
            className="MuiAvatar-img"
            src="https://upload.wikimedia.org/wikipedia/en/0/0c/Liverpool_FC.svg"
          />
        </div>
      </div>
    </div>
    <div
      className="Component-score-16 Component-green-9"
    >
      <div>
        1
      </div>
      <div
        className="Component-dash-7"
      >
        :
      </div>
      <div>
        2
      </div>
    </div>
    <div
      className="MuiListItemText-root Component-text-17 Component-guest-10"
    >
      <div
        className="MuiListItemAvatar-root"
      >
        <div
          className="MuiAvatar-root MuiAvatar-circular Component-awayIcon-6 Component-logo-13"
        >
          <img
            className="MuiAvatar-img"
            src="https://upload.wikimedia.org/wikipedia/en/c/c2/West_Ham_United_FC_logo.svg"
          />
        </div>
      </div>
      <div>
        West Ham United
      </div>
    </div>
  </a>,
  <a
    aria-disabled={false}
    className="MuiButtonBase-root MuiListItem-root Component-matchItem-14 MuiListItem-gutters MuiListItem-divider MuiListItem-button"
    href="/match/sr:match:3"
    id="sr:match:3"
    onBlur={[Function]}
    onClick={[Function]}
    onDragLeave={[Function]}
    onFocus={[Function]}
    onKeyDown={[Function]}
    onKeyUp={[Function]}
    onMouseDown={[Function]}
    onMouseLeave={[Function]}
    onMouseUp={[Function]}
    onTouchEnd={[Function]}
    onTouchMove={[Function]}
    onTouchStart={[Function]}
    role="button"
    tabIndex={0}
  >
    <div
      className="MuiListItemText-root Component-text-17 Component-home-11"
    >
      <div>
        Wolverhampton Wanderers
      </div>
      <div
        className="MuiListItemAvatar-root"
      >
        <div
          className="MuiAvatar-root MuiAvatar-circular Component-homeIcon-12 Component-logo-13"
        >
          <img
            className="MuiAvatar-img"
            src="https://upload.wikimedia.org/wikipedia/en/f/fc/Wolverhampton_Wanderers.svg"
          />
        </div>
      </div>
    </div>
    <div
      className="Component-score-16 Component-default-8"
    >
      <div>
        6
      </div>
      <div
        className="Component-dash-7"
      >
        :
      </div>
      <div>
        1
      </div>
    </div>
    <div
      className="MuiListItemText-root Component-text-17 Component-guest-10"
    >
      <div
        className="MuiListItemAvatar-root"
      >
        <div
          className="MuiAvatar-root MuiAvatar-circular Component-awayIcon-6 Component-logo-13"
        >
          <img
            className="MuiAvatar-img"
            src="https://upload.wikimedia.org/wikipedia/en/e/eb/Manchester_City_FC_badge.svg"
          />
        </div>
      </div>
      <div>
        Manchester City
      </div>
    </div>
  </a>,
  <a
    aria-disabled={false}
    className="MuiButtonBase-root MuiListItem-root Component-matchItem-14 MuiListItem-gutters MuiListItem-divider MuiListItem-button"
    href="/match/sr:match:4"
    id="sr:match:4"
    onBlur={[Function]}
    onClick={[Function]}
    onDragLeave={[Function]}
    onFocus={[Function]}
    onKeyDown={[Function]}
    onKeyUp={[Function]}
    onMouseDown={[Function]}
    onMouseLeave={[Function]}
    onMouseUp={[Function]}
    onTouchEnd={[Function]}
    onTouchMove={[Function]}
    onTouchStart={[Function]}
    role="button"
    tabIndex={0}
  >
    <div
      className="MuiListItemText-root Component-text-17 Component-home-11"
    >
      <div>
        Cardiff City
      </div>
      <div
        className="MuiListItemAvatar-root"
      >
        <div
          className="MuiAvatar-root MuiAvatar-circular Component-homeIcon-12 Component-logo-13"
        >
          <img
            className="MuiAvatar-img"
            src="https://upload.wikimedia.org/wikipedia/en/3/3c/Cardiff_City_crest.svg"
          />
        </div>
      </div>
    </div>
    <div
      className="Component-score-16 Component-red-15"
    >
      <div>
        1
      </div>
      <div
        className="Component-dash-7"
      >
        :
      </div>
      <div>
        1
      </div>
    </div>
    <div
      className="MuiListItemText-root Component-text-17 Component-guest-10"
    >
      <div
        className="MuiListItemAvatar-root"
      >
        <div
          className="MuiAvatar-root MuiAvatar-circular Component-awayIcon-6 Component-logo-13"
        >
          <img
            className="MuiAvatar-img"
            src="https://upload.wikimedia.org/wikipedia/en/e/eb/Fulham_FC_%28shield%29.svg"
          />
        </div>
      </div>
      <div>
        Fulham FC
      </div>
    </div>
  </a>,
  "",
]
`;
