// Jest Snapshot v1, https://goo.gl/fbAQLP

exports[`Row should render correctly 1`] = `
<table
  className="MuiTable-root"
  role={null}
>
  <tr
    className="MuiTableRow-root Component-edge-3 Component-top-14 Component-tableRow-12"
    role={null}
  >
    <td
      aria-sort={null}
      className="MuiTableCell-root Component-cell-1 Component-teamName-13 MuiTableCell-paddingCheckbox"
    >
      <div
        className="Component-info-7"
      >
        <div
          className="MuiAvatar-root MuiAvatar-circular Component-img-6"
        >
          <img
            className="MuiAvatar-img"
            src="https://cdn2.iconfinder.com/data/icons/sport-items-2/512/football_soccer_badge_shield_ball_heraldic-128.png"
          />
        </div>
        <span>
          Arsenal
        </span>
      </div>
    </td>
    <td
      aria-sort={null}
      className="MuiTableCell-root Component-cell-1  MuiTableCell-paddingCheckbox"
    >
      1
    </td>
    <td
      aria-sort={null}
      className="MuiTableCell-root Component-cell-1  MuiTableCell-paddingCheckbox"
    >
      Champions League
    </td>
    <td
      aria-sort={null}
      className="MuiTableCell-root Component-cell-1 Component-played-10 MuiTableCell-paddingCheckbox"
    >
      38
    </td>
    <td
      aria-sort={null}
      className="MuiTableCell-root Component-cell-1 Component-win-15 MuiTableCell-paddingCheckbox"
    >
      30
    </td>
    <td
      aria-sort={null}
      className="MuiTableCell-root Component-cell-1 Component-draw-2 MuiTableCell-paddingCheckbox"
    >
      5
    </td>
    <td
      aria-sort={null}
      className="MuiTableCell-root Component-cell-1 Component-loss-8 MuiTableCell-paddingCheckbox"
    >
      3
    </td>
    <td
      aria-sort={null}
      className="MuiTableCell-root Component-cell-1 Component-goals_for-5 MuiTableCell-paddingCheckbox"
    >
      95
    </td>
    <td
      aria-sort={null}
      className="MuiTableCell-root Component-cell-1 Component-goals_against-4 MuiTableCell-paddingCheckbox"
    >
      32
    </td>
    <td
      aria-sort={null}
      className="MuiTableCell-root Component-cell-1  MuiTableCell-paddingCheckbox"
    >
      63
    </td>
    <td
      aria-sort={null}
      className="MuiTableCell-root Component-cell-1  MuiTableCell-paddingCheckbox"
    >
      95
    </td>
  </tr>
  <tr
    className="MuiTableRow-root Component-edge-3 Component-tableRow-12"
    role={null}
  >
    <td
      aria-sort={null}
      className="MuiTableCell-root Component-cell-1 Component-teamName-13 MuiTableCell-paddingCheckbox"
    >
      <div
        className="Component-info-7"
      >
        <div
          className="MuiAvatar-root MuiAvatar-circular Component-img-6"
        >
          <img
            className="MuiAvatar-img"
            src="https://upload.wikimedia.org/wikipedia/en/e/e5/AFC_Bournemouth_%282013%29.svg"
          />
        </div>
        <span>
          AFC Bournemouth
        </span>
      </div>
    </td>
    <td
      aria-sort={null}
      className="MuiTableCell-root Component-cell-1  MuiTableCell-paddingCheckbox"
    >
      2
    </td>
    <td
      aria-sort={null}
      className="MuiTableCell-root Component-cell-1  MuiTableCell-paddingCheckbox"
    >
      Champions League Qualification
    </td>
    <td
      aria-sort={null}
      className="MuiTableCell-root Component-cell-1 Component-played-10 MuiTableCell-paddingCheckbox"
    >
      20
    </td>
    <td
      aria-sort={null}
      className="MuiTableCell-root Component-cell-1 Component-win-15 MuiTableCell-paddingCheckbox"
    >
      10
    </td>
    <td
      aria-sort={null}
      className="MuiTableCell-root Component-cell-1 Component-draw-2 MuiTableCell-paddingCheckbox"
    >
      0
    </td>
    <td
      aria-sort={null}
      className="MuiTableCell-root Component-cell-1 Component-loss-8 MuiTableCell-paddingCheckbox"
    >
      10
    </td>
    <td
      aria-sort={null}
      className="MuiTableCell-root Component-cell-1 Component-goals_for-5 MuiTableCell-paddingCheckbox"
    >
      30
    </td>
    <td
      aria-sort={null}
      className="MuiTableCell-root Component-cell-1 Component-goals_against-4 MuiTableCell-paddingCheckbox"
    >
      0
    </td>
    <td
      aria-sort={null}
      className="MuiTableCell-root Component-cell-1  MuiTableCell-paddingCheckbox"
    >
      0
    </td>
    <td
      aria-sort={null}
      className="MuiTableCell-root Component-cell-1  MuiTableCell-paddingCheckbox"
    >
      30
    </td>
  </tr>
  <tr
    className="MuiTableRow-root Component-edge-3 Component-tableRow-12"
    role={null}
  >
    <td
      aria-sort={null}
      className="MuiTableCell-root Component-cell-1 Component-teamName-13 MuiTableCell-paddingCheckbox"
    >
      <div
        className="Component-info-7"
      >
        <div
          className="MuiAvatar-root MuiAvatar-circular Component-img-6"
        >
          <img
            className="MuiAvatar-img"
            src="https://upload.wikimedia.org/wikipedia/en/f/fd/Brighton_%26_Hove_Albion_logo.svg"
          />
        </div>
        <span>
          Brighton & Hove Albion
        </span>
      </div>
    </td>
    <td
      aria-sort={null}
      className="MuiTableCell-root Component-cell-1  MuiTableCell-paddingCheckbox"
    >
      3
    </td>
    <td
      aria-sort={null}
      className="MuiTableCell-root Component-cell-1  MuiTableCell-paddingCheckbox"
    >
      Relegation
    </td>
    <td
      aria-sort={null}
      className="MuiTableCell-root Component-cell-1 Component-played-10 MuiTableCell-paddingCheckbox"
    >
      0
    </td>
    <td
      aria-sort={null}
      className="MuiTableCell-root Component-cell-1 Component-win-15 MuiTableCell-paddingCheckbox"
    >
      0
    </td>
    <td
      aria-sort={null}
      className="MuiTableCell-root Component-cell-1 Component-draw-2 MuiTableCell-paddingCheckbox"
    >
      0
    </td>
    <td
      aria-sort={null}
      className="MuiTableCell-root Component-cell-1 Component-loss-8 MuiTableCell-paddingCheckbox"
    >
      0
    </td>
    <td
      aria-sort={null}
      className="MuiTableCell-root Component-cell-1 Component-goals_for-5 MuiTableCell-paddingCheckbox"
    >
      0
    </td>
    <td
      aria-sort={null}
      className="MuiTableCell-root Component-cell-1 Component-goals_against-4 MuiTableCell-paddingCheckbox"
    >
      0
    </td>
    <td
      aria-sort={null}
      className="MuiTableCell-root Component-cell-1  MuiTableCell-paddingCheckbox"
    >
      0
    </td>
    <td
      aria-sort={null}
      className="MuiTableCell-root Component-cell-1  MuiTableCell-paddingCheckbox"
    >
      0
    </td>
  </tr>
  <tr
    className="MuiTableRow-root Component-middle-9 Component-tableRow-12"
    role={null}
  >
    <td
      aria-sort={null}
      className="MuiTableCell-root Component-cell-1 Component-teamName-13 MuiTableCell-paddingCheckbox"
    >
      <div
        className="Component-info-7"
      >
        <div
          className="MuiAvatar-root MuiAvatar-circular Component-img-6"
        >
          <img
            className="MuiAvatar-img"
            src="https://upload.wikimedia.org/wikipedia/en/5/54/Leeds_United_F.C._logo.svg"
          />
        </div>
        <span>
          Leeds United
        </span>
      </div>
    </td>
    <td
      aria-sort={null}
      className="MuiTableCell-root Component-cell-1  MuiTableCell-paddingCheckbox"
    >
      5
    </td>
    <td
      aria-sort={null}
      className="MuiTableCell-root Component-cell-1  MuiTableCell-paddingCheckbox"
    >
      Europa League
    </td>
    <td
      aria-sort={null}
      className="MuiTableCell-root Component-cell-1 Component-played-10 MuiTableCell-paddingCheckbox"
    >
      10
    </td>
    <td
      aria-sort={null}
      className="MuiTableCell-root Component-cell-1 Component-win-15 MuiTableCell-paddingCheckbox"
    >
      10
    </td>
    <td
      aria-sort={null}
      className="MuiTableCell-root Component-cell-1 Component-draw-2 MuiTableCell-paddingCheckbox"
    >
      0
    </td>
    <td
      aria-sort={null}
      className="MuiTableCell-root Component-cell-1 Component-loss-8 MuiTableCell-paddingCheckbox"
    >
      0
    </td>
    <td
      aria-sort={null}
      className="MuiTableCell-root Component-cell-1 Component-goals_for-5 MuiTableCell-paddingCheckbox"
    >
      45
    </td>
    <td
      aria-sort={null}
      className="MuiTableCell-root Component-cell-1 Component-goals_against-4 MuiTableCell-paddingCheckbox"
    >
      1
    </td>
    <td
      aria-sort={null}
      className="MuiTableCell-root Component-cell-1  MuiTableCell-paddingCheckbox"
    >
      44
    </td>
    <td
      aria-sort={null}
      className="MuiTableCell-root Component-cell-1  MuiTableCell-paddingCheckbox"
    >
      30
    </td>
  </tr>
  <tr
    className="MuiTableRow-root Component-middle-9 Component-tableRow-12"
    role={null}
  >
    <td
      aria-sort={null}
      className="MuiTableCell-root Component-cell-1 Component-teamName-13 MuiTableCell-paddingCheckbox"
    >
      <div
        className="Component-info-7"
      >
        <div
          className="MuiAvatar-root MuiAvatar-circular Component-img-6"
        >
          <img
            className="MuiAvatar-img"
            src="https://cdn2.iconfinder.com/data/icons/sport-items-2/512/football_soccer_badge_shield_ball_heraldic-128.png"
          />
        </div>
        <span>
          Everton
        </span>
      </div>
    </td>
    <td
      aria-sort={null}
      className="MuiTableCell-root Component-cell-1  MuiTableCell-paddingCheckbox"
    >
      6
    </td>
    <td
      aria-sort={null}
      className="MuiTableCell-root Component-cell-1  MuiTableCell-paddingCheckbox"
    >
      Europa League Qualification
    </td>
    <td
      aria-sort={null}
      className="MuiTableCell-root Component-cell-1 Component-played-10 MuiTableCell-paddingCheckbox"
    >
      11
    </td>
    <td
      aria-sort={null}
      className="MuiTableCell-root Component-cell-1 Component-win-15 MuiTableCell-paddingCheckbox"
    >
      10
    </td>
    <td
      aria-sort={null}
      className="MuiTableCell-root Component-cell-1 Component-draw-2 MuiTableCell-paddingCheckbox"
    >
      1
    </td>
    <td
      aria-sort={null}
      className="MuiTableCell-root Component-cell-1 Component-loss-8 MuiTableCell-paddingCheckbox"
    >
      0
    </td>
    <td
      aria-sort={null}
      className="MuiTableCell-root Component-cell-1 Component-goals_for-5 MuiTableCell-paddingCheckbox"
    >
      18
    </td>
    <td
      aria-sort={null}
      className="MuiTableCell-root Component-cell-1 Component-goals_against-4 MuiTableCell-paddingCheckbox"
    >
      3
    </td>
    <td
      aria-sort={null}
      className="MuiTableCell-root Component-cell-1  MuiTableCell-paddingCheckbox"
    >
      15
    </td>
    <td
      aria-sort={null}
      className="MuiTableCell-root Component-cell-1  MuiTableCell-paddingCheckbox"
    >
      31
    </td>
  </tr>
  <tr
    className="MuiTableRow-root Component-row-11 Component-tableRow-12 MuiTableRow-hover"
    role={null}
  >
    <td
      aria-sort={null}
      className="MuiTableCell-root Component-cell-1 Component-teamName-13 MuiTableCell-paddingCheckbox"
    >
      <div
        className="Component-info-7"
      >
        <div
          className="MuiAvatar-root MuiAvatar-circular Component-img-6"
        >
          <img
            className="MuiAvatar-img"
            src="https://cdn2.iconfinder.com/data/icons/sport-items-2/512/football_soccer_badge_shield_ball_heraldic-128.png"
          />
        </div>
        <span>
          Burnley
        </span>
      </div>
    </td>
    <td
      aria-sort={null}
      className="MuiTableCell-root Component-cell-1  MuiTableCell-paddingCheckbox"
    >
      7
    </td>
    <td
      aria-sort={null}
      className="MuiTableCell-root Component-cell-1  MuiTableCell-paddingCheckbox"
    >
      
    </td>
    <td
      aria-sort={null}
      className="MuiTableCell-root Component-cell-1 Component-played-10 MuiTableCell-paddingCheckbox"
    >
      6
    </td>
    <td
      aria-sort={null}
      className="MuiTableCell-root Component-cell-1 Component-win-15 MuiTableCell-paddingCheckbox"
    >
      5
    </td>
    <td
      aria-sort={null}
      className="MuiTableCell-root Component-cell-1 Component-draw-2 MuiTableCell-paddingCheckbox"
    >
      1
    </td>
    <td
      aria-sort={null}
      className="MuiTableCell-root Component-cell-1 Component-loss-8 MuiTableCell-paddingCheckbox"
    >
      0
    </td>
    <td
      aria-sort={null}
      className="MuiTableCell-root Component-cell-1 Component-goals_for-5 MuiTableCell-paddingCheckbox"
    >
      23
    </td>
    <td
      aria-sort={null}
      className="MuiTableCell-root Component-cell-1 Component-goals_against-4 MuiTableCell-paddingCheckbox"
    >
      33
    </td>
    <td
      aria-sort={null}
      className="MuiTableCell-root Component-cell-1  MuiTableCell-paddingCheckbox"
    >
      -4
    </td>
    <td
      aria-sort={null}
      className="MuiTableCell-root Component-cell-1  MuiTableCell-paddingCheckbox"
    >
      25
    </td>
  </tr>
</table>
`;
