// Jest Snapshot v1, https://goo.gl/fbAQLP

exports[`MatchList should render empty match list message correctly 1`] = `
<div
  className="memo(wrappedComponent)-empty-1"
>
  <svg
    aria-hidden={true}
    className="MuiSvgIcon-root MuiSvgIcon-fontSizeLarge"
    focusable="false"
    viewBox="0 0 24 24"
  >
    <path
      d="M11.99 2C6.47 2 2 6.48 2 12s4.47 10 9.99 10C17.52 22 22 17.52 22 12S17.52 2 11.99 2zM12 20c-4.42 0-8-3.58-8-8s3.58-8 8-8 8 3.58 8 8-3.58 8-8 8zm3.5-9c.83 0 1.5-.67 1.5-1.5S16.33 8 15.5 8 14 8.67 14 9.5s.67 1.5 1.5 1.5zm-7 0c.83 0 1.5-.67 1.5-1.5S9.33 8 8.5 8 7 8.67 7 9.5 7.67 11 8.5 11zm3.5 3c-2.33 0-4.31 1.46-5.11 3.5h10.22c-.8-2.04-2.78-3.5-5.11-3.5z"
    />
  </svg>
  <h5
    className="MuiTypography-root MuiTypography-h5"
  >
    Match list is empty
  </h5>
</div>
`;

exports[`MatchList should render match list correctly 1`] = `
<ul
  className="MuiList-root"
>
  <div
    className="MuiPaper-root memo(wrappedComponent)-round-2 MuiPaper-elevation1 MuiPaper-rounded"
  >
    <div
      className="memo(wrappedComponent)-title-3"
    >
      Round 
      1
    </div>
    <div>
      <a
        aria-disabled={false}
        className="MuiButtonBase-root MuiListItem-root Component-matchItem-13 MuiListItem-gutters MuiListItem-divider MuiListItem-button"
        href="/match/sr:match:13245886"
        id="sr:match:13245886"
        onBlur={[Function]}
        onClick={[Function]}
        onDragLeave={[Function]}
        onFocus={[Function]}
        onKeyDown={[Function]}
        onKeyUp={[Function]}
        onMouseDown={[Function]}
        onMouseLeave={[Function]}
        onMouseUp={[Function]}
        onTouchEnd={[Function]}
        onTouchMove={[Function]}
        onTouchStart={[Function]}
        role="button"
        tabIndex={0}
      >
        <div
          className="MuiListItemText-root Component-text-16 Component-home-10"
        >
          <div>
            Russia
          </div>
          <div
            className="MuiListItemAvatar-root"
          >
            <div
              className="MuiAvatar-root MuiAvatar-circular Component-homeIcon-11 Component-logo-12"
            >
              <img
                className="MuiAvatar-img"
                src="https://cdn2.iconfinder.com/data/icons/sport-items-2/512/football_soccer_badge_shield_ball_heraldic-128.png"
              />
            </div>
          </div>
        </div>
        <div
          className="Component-score-15 Component-default-7"
        >
          <div>
            0
          </div>
          <div
            className="Component-dash-6"
          >
            :
          </div>
          <div>
            5
          </div>
        </div>
        <div
          className="MuiListItemText-root Component-text-16 Component-guest-9"
        >
          <div
            className="MuiListItemAvatar-root"
          >
            <div
              className="MuiAvatar-root MuiAvatar-circular Component-awayIcon-5 Component-logo-12"
            >
              <img
                className="MuiAvatar-img"
                src="https://cdn2.iconfinder.com/data/icons/sport-items-2/512/football_soccer_badge_shield_ball_heraldic-128.png"
              />
            </div>
          </div>
          <div>
            Saudi Arabia
          </div>
        </div>
      </a>
      <a
        aria-disabled={false}
        className="MuiButtonBase-root MuiListItem-root Component-matchItem-13 MuiListItem-gutters MuiListItem-divider MuiListItem-button"
        href="/match/sr:match:13246028"
        id="sr:match:13246028"
        onBlur={[Function]}
        onClick={[Function]}
        onDragLeave={[Function]}
        onFocus={[Function]}
        onKeyDown={[Function]}
        onKeyUp={[Function]}
        onMouseDown={[Function]}
        onMouseLeave={[Function]}
        onMouseUp={[Function]}
        onTouchEnd={[Function]}
        onTouchMove={[Function]}
        onTouchStart={[Function]}
        role="button"
        tabIndex={0}
      >
        <div
          className="MuiListItemText-root Component-text-16 Component-home-10"
        >
          <div>
            Sweden
          </div>
          <div
            className="MuiListItemAvatar-root"
          >
            <div
              className="MuiAvatar-root MuiAvatar-circular Component-homeIcon-11 Component-logo-12"
            >
              <img
                className="MuiAvatar-img"
                src="https://cdn2.iconfinder.com/data/icons/sport-items-2/512/football_soccer_badge_shield_ball_heraldic-128.png"
              />
            </div>
          </div>
        </div>
        <div
          className="Component-score-15 Component-default-7"
        >
          <div>
            1
          </div>
          <div
            className="Component-dash-6"
          >
            :
          </div>
          <div>
            0
          </div>
        </div>
        <div
          className="MuiListItemText-root Component-text-16 Component-guest-9"
        >
          <div
            className="MuiListItemAvatar-root"
          >
            <div
              className="MuiAvatar-root MuiAvatar-circular Component-awayIcon-5 Component-logo-12"
            >
              <img
                className="MuiAvatar-img"
                src="https://cdn2.iconfinder.com/data/icons/sport-items-2/512/football_soccer_badge_shield_ball_heraldic-128.png"
              />
            </div>
          </div>
          <div>
            Republic of Korea
          </div>
        </div>
      </a>
    </div>
  </div>
  <div
    className="MuiPaper-root memo(wrappedComponent)-round-2 MuiPaper-elevation1 MuiPaper-rounded"
  >
    <div
      className="memo(wrappedComponent)-title-3"
    >
      Round 
      2
    </div>
    <div>
      <a
        aria-disabled={false}
        className="MuiButtonBase-root MuiListItem-root Component-matchItem-13 MuiListItem-gutters MuiListItem-divider MuiListItem-button"
        href="/match/sr:match:13245922"
        id="sr:match:13245922"
        onBlur={[Function]}
        onClick={[Function]}
        onDragLeave={[Function]}
        onFocus={[Function]}
        onKeyDown={[Function]}
        onKeyUp={[Function]}
        onMouseDown={[Function]}
        onMouseLeave={[Function]}
        onMouseUp={[Function]}
        onTouchEnd={[Function]}
        onTouchMove={[Function]}
        onTouchStart={[Function]}
        role="button"
        tabIndex={0}
      >
        <div
          className="MuiListItemText-root Component-text-16 Component-home-10"
        >
          <div>
            Egypt
          </div>
          <div
            className="MuiListItemAvatar-root"
          >
            <div
              className="MuiAvatar-root MuiAvatar-circular Component-homeIcon-11 Component-logo-12"
            >
              <img
                className="MuiAvatar-img"
                src="https://cdn2.iconfinder.com/data/icons/sport-items-2/512/football_soccer_badge_shield_ball_heraldic-128.png"
              />
            </div>
          </div>
        </div>
        <div
          className="Component-score-15 Component-default-7"
        >
          <div>
            0
          </div>
          <div
            className="Component-dash-6"
          >
            :
          </div>
          <div>
            1
          </div>
        </div>
        <div
          className="MuiListItemText-root Component-text-16 Component-guest-9"
        >
          <div
            className="MuiListItemAvatar-root"
          >
            <div
              className="MuiAvatar-root MuiAvatar-circular Component-awayIcon-5 Component-logo-12"
            >
              <img
                className="MuiAvatar-img"
                src="https://cdn2.iconfinder.com/data/icons/sport-items-2/512/football_soccer_badge_shield_ball_heraldic-128.png"
              />
            </div>
          </div>
          <div>
            Uruguay
          </div>
        </div>
      </a>
    </div>
  </div>
</ul>
`;
